  ✓ 코드 방 만들기 → 대기실 — 코드 METNWG
  ✓ 코드로 입장 → 같은 대기실 · hi 로 좌석 채움
  ✓ 닉네임 자동 — 묻지 않고 입장 · 방장 화면에 같은 이름 — 무장8568 / 방장 화면 무장8568
  ✓ 대기실 병과 선택이 남의 칸에 보인다
  ✓ 모드는 방장만 바꾸고 방에 방송된다 — 손님 시도 무시 · 방장 변경 전파
  ✓ 채팅 한 줄
  ✓ 준비 안 한 사람 있으면 한 번 막고 알린다
  ✓ 준비 토글이 방장 칸에 보인다
  ✓ 방장 시작 → 둘 다 같은 시드로 매치 — seed 1008373544 cls archer,shield
  ✓ 모드가 레코드(cfg)로 동기화된다 — item/item
  ✓ 첫 차례 좌석이 두 화면에서 같다(시드로 정함) — 첫 좌석 0/0 · 시드 1008373544
  ✓ 방패 각도 비공개 — 시뮬은 양쪽이 알고(락스텝) 상대 화면 규칙은 -1 — sim A/B 1330/1330 · view A(상대) -1 · view B(본인) 1330 · 렌더 배선 true
  ✓ 회귀 주입(상대 각도를 그대로 돌려주게) → 검사 빨간불 — 주입 뒤 view A(상대) 1330 — 규칙이 뚫리면 이렇게 잡힌다
  ✓ 주입 원복 뒤 다시 -1
  ✓ 던지기 레코드 동기화 — 상대가 weapon 7 을 받아 같은 결과·같은 해시 — 자리 174,200,235/174,200,235 · 턴 3 해시 true · 던져진 궁수 A {"x":591,"hp":31} B {"x":591,"hp":31}
  ✓ 한 판 끝까지(두 사람 입력) · 턴마다 해시 일치 — 12턴 16초 · 불일치 0/0
  ✓ 순위표 보드 online — {"score":0,"board":"online","rank":2}
  ✓ 결과 → 같은 대기실(준비 초기화) — 손님 대기 문구: 방장이 대기실을 열기를 기다리고 있습니다…
  ✓ 한 판 더 시작(라운드 2)
  ✓ 상한 계측 좌석당 ≤40/s · ≤4,096자 — 최대 9/s · 145자 (릴레이 계측)
  ✓ 상대 탭 닫기 → 2초 안에 봇 승계 — 253ms
  ✓ 승계 뒤 봇과 끝까지 — 5턴
  ✓ 콘솔 0 (A·B) — []
  ✓ 빠른 대전 둘이 만나 시작
  ✓ 공개 방 목록에서 입장
  ✓ ?room=CODE 로 열면 바로 입장(닉네임은 이미 있다)
  ✓ 초대 링크 형식 — https://game.1989v.com/games/landslide?room=A5Q8HS
  ✓ 디싱크 주입이 실제로 셀을 바꿨다 — 150셀
  ✓ 디싱크 주입 → 해시 불일치 감지 → 로그 재생 복구 → 이후 해시 일치 — 불일치 1 · 복구 1 · 이후 턴 2,3 일치 true
  ✓ 영구 주입이 실제로 시뮬을 바꿨다 — 착탄 1292 → 1218
  ✓ 영구 주입 → 재생 뒤에도 불일치 → 관전 강등 · 방장이 봇으로 잇는다
  ✓ 콘솔 0 (H·I) — []
  ✓ 4석 코드 방 만들기 (팀전) — 코드 557CVQ
  ✓ 3석↑ 입장 알림(seat)으로 남의 칸이 찬다
  ✓ 관전으로 참가 → 좌석 없음(seat -1)
  ✓ 관전자는 대기실 칸을 차지하지 않는다
  ✓ 방장의 팀 배정이 방에 방송된다 — red,blue,blue,blue
  ✓ 방장의 바이옴 선택이 방에 방송된다 · 손님은 못 바꾼다 — P snow · Q snow
  ✓ 4석 시작 — 빈 자리는 봇, 팀 교대 순서, 턴 30초(라운드 12 — 모든 인원 30초) — {"n":4,"teams":"red,blue,red,blue","bots":2,"order":"3,0,1,2","turnSec":30}
  ✓ 바이옴 cfg 동기화 — 세 화면 같은 지형·같은 시작 해시 — snow 3081886979 / snow 3081886979 / snow 3081886979
  ✓ 출정 준비 동기화 — 손님이 고른 칸이 세 화면에 같게 — [[2,6,7],[4,5,8],[2,6,7],[2,6,7]] / [[2,6,7],[4,5,8],[2,6,7],[2,6,7]] / [[2,6,7],[4,5,8],[2,6,7],[2,6,7]]
  ✓ 관전자는 좌석이 없다(humanSeat -1)
  ✓ 관전 카메라 ] 로 다음 사람 — 0 → 1
  ✓ 관전 화면에 체력·기술 판이 없다
  ✓ 4석 한 판 끝까지 — 세 화면(사람 2 · 관전 1) 해시 일치 — 27턴 54초 · 불일치 0/0
  ✓ 판 끝 인벤토리 세 화면 같음(줍기·쓰기 포함) — [[2,6,7],[4,5,8],[6],[6,7]] · 줍기 0회
  ✓ 순위 결과 — 4명 전부 등수·격파·피해 — 1홍 · 궁수 · 방장 쓰러뜨림 0 · 준 피해 763,076 | 1홍 · 검사 (봇) 쓰러뜨림 0 · 준 피해 703,070 | 3청 · 궁수 (봇) 막판 쓰러뜨림 0 · 준 피해 01,000 | 4청 · 궁수 · 손님 막판 쓰러뜨림 0 · 준 피해 7676
  ✓ 관전자는 점수를 내지 않는다
  ✓ 4석 결과 → 같은 대기실(준비 초기화)
  ✓ 방장 이탈 → 다음 낮은 좌석이 방장(2초 안) — 306ms · 방장 0 → 1
  ✓ 승계 뒤 봇들과 끝까지 — 33턴
  ✓ 콘솔 0 (4석 세 화면) — []
  ✓ 빠른 대전 4석 — 같은 방 · 카운트다운 문구 — 30초 뒤 자동으로 시작합니다. 자리가 다 차면 바로 시작합니다
  ✓ 빠른 대전 — cfg 없이 무작위 바이옴이 시드로 같게 풀린다 — dune
  ✓ 빠른 대전 4석 30초 자동 시작 · 빈 두 자리 봇 — 첫 입장부터 30.2초 · {"n":4,"bots":2,"seed":1891774196}
  ✓ 콘솔 0 (4석 빠른 대전) — []
  ✓ 빠른 대전 8석 — 같은 방에 모인다 · 자동 시작 카운트다운 — 남은 30초
  ✓ 30초 뒤 자동 시작 (빈 좌석은 봇) — 29.6초 · 좌석 8 · 봇 6
  ✓ 8석 한 판 끝까지 · 상한 계측 좌석당 ≤40/s · ≤4,096자 — 최대 12/s · 160자 · 메시지 84/13 (36턴 83초)
  ✓ 8석 한 판 해시 불일치 0 — 불일치 0
  ✓ 콘솔 0 (8석) — []
  ✓ 모바일 land 8석 대기실 — 칸 8개
  ✓ 모바일 land 로비·대기실 탭 도달 · 누름 ≥44px — 최소 변 50px · 스크롤 뒤 화면 안 true
  ✓ 모바일 land 콘솔 0 — []
  ✓ 모바일 port 8석 대기실 — 칸 8개
  ✓ 모바일 port 로비·대기실 탭 도달 · 누름 ≥44px — 최소 변 142px · 스크롤 뒤 화면 안 true
  ✓ 모바일 port 콘솔 0 — []

| 항목 | 결과 | 비고 |
|---|---|---|
| 코드 방 만들기 → 대기실 | ✓ | 코드 METNWG |
| 코드로 입장 → 같은 대기실 · hi 로 좌석 채움 | ✓ |  |
| 닉네임 자동 — 묻지 않고 입장 · 방장 화면에 같은 이름 | ✓ | 무장8568 / 방장 화면 무장8568 |
| 대기실 병과 선택이 남의 칸에 보인다 | ✓ |  |
| 모드는 방장만 바꾸고 방에 방송된다 | ✓ | 손님 시도 무시 · 방장 변경 전파 |
| 채팅 한 줄 | ✓ |  |
| 준비 안 한 사람 있으면 한 번 막고 알린다 | ✓ |  |
| 준비 토글이 방장 칸에 보인다 | ✓ |  |
| 방장 시작 → 둘 다 같은 시드로 매치 | ✓ | seed 1008373544 cls archer,shield |
| 모드가 레코드(cfg)로 동기화된다 | ✓ | item/item |
| 첫 차례 좌석이 두 화면에서 같다(시드로 정함) | ✓ | 첫 좌석 0/0 · 시드 1008373544 |
| 방패 각도 비공개 — 시뮬은 양쪽이 알고(락스텝) 상대 화면 규칙은 -1 | ✓ | sim A/B 1330/1330 · view A(상대) -1 · view B(본인) 1330 · 렌더 배선 true |
| 회귀 주입(상대 각도를 그대로 돌려주게) → 검사 빨간불 | ✓ | 주입 뒤 view A(상대) 1330 — 규칙이 뚫리면 이렇게 잡힌다 |
| 주입 원복 뒤 다시 -1 | ✓ |  |
| 던지기 레코드 동기화 — 상대가 weapon 7 을 받아 같은 결과·같은 해시 | ✓ | 자리 174,200,235/174,200,235 · 턴 3 해시 true · 던져진 궁수 A {"x":591,"hp":31} B {"x":591,"hp":31} |
| 한 판 끝까지(두 사람 입력) · 턴마다 해시 일치 | ✓ | 12턴 16초 · 불일치 0/0 |
| 순위표 보드 online | ✓ | {"score":0,"board":"online","rank":2} |
| 결과 → 같은 대기실(준비 초기화) | ✓ | 손님 대기 문구: 방장이 대기실을 열기를 기다리고 있습니다… |
| 한 판 더 시작(라운드 2) | ✓ |  |
| 상한 계측 좌석당 ≤40/s · ≤4,096자 | ✓ | 최대 9/s · 145자 (릴레이 계측) |
| 상대 탭 닫기 → 2초 안에 봇 승계 | ✓ | 253ms |
| 승계 뒤 봇과 끝까지 | ✓ | 5턴 |
| 콘솔 0 (A·B) | ✓ | [] |
| 빠른 대전 둘이 만나 시작 | ✓ |  |
| 공개 방 목록에서 입장 | ✓ |  |
| ?room=CODE 로 열면 바로 입장(닉네임은 이미 있다) | ✓ |  |
| 초대 링크 형식 | ✓ | https://game.1989v.com/games/landslide?room=A5Q8HS |
| 디싱크 주입이 실제로 셀을 바꿨다 | ✓ | 150셀 |
| 디싱크 주입 → 해시 불일치 감지 → 로그 재생 복구 → 이후 해시 일치 | ✓ | 불일치 1 · 복구 1 · 이후 턴 2,3 일치 true |
| 영구 주입이 실제로 시뮬을 바꿨다 | ✓ | 착탄 1292 → 1218 |
| 영구 주입 → 재생 뒤에도 불일치 → 관전 강등 · 방장이 봇으로 잇는다 | ✓ |  |
| 콘솔 0 (H·I) | ✓ | [] |
| 4석 코드 방 만들기 (팀전) | ✓ | 코드 557CVQ |
| 3석↑ 입장 알림(seat)으로 남의 칸이 찬다 | ✓ |  |
| 관전으로 참가 → 좌석 없음(seat -1) | ✓ |  |
| 관전자는 대기실 칸을 차지하지 않는다 | ✓ |  |
| 방장의 팀 배정이 방에 방송된다 | ✓ | red,blue,blue,blue |
| 방장의 바이옴 선택이 방에 방송된다 · 손님은 못 바꾼다 | ✓ | P snow · Q snow |
| 4석 시작 — 빈 자리는 봇, 팀 교대 순서, 턴 30초(라운드 12 — 모든 인원 30초) | ✓ | {"n":4,"teams":"red,blue,red,blue","bots":2,"order":"3,0,1,2","turnSec":30} |
| 바이옴 cfg 동기화 — 세 화면 같은 지형·같은 시작 해시 | ✓ | snow 3081886979 / snow 3081886979 / snow 3081886979 |
| 출정 준비 동기화 — 손님이 고른 칸이 세 화면에 같게 | ✓ | [[2,6,7],[4,5,8],[2,6,7],[2,6,7]] / [[2,6,7],[4,5,8],[2,6,7],[2,6,7]] / [[2,6,7],[4,5,8],[2,6,7],[2,6,7]] |
| 관전자는 좌석이 없다(humanSeat -1) | ✓ |  |
| 관전 카메라 ] 로 다음 사람 | ✓ | 0 → 1 |
| 관전 화면에 체력·기술 판이 없다 | ✓ |  |
| 4석 한 판 끝까지 — 세 화면(사람 2 · 관전 1) 해시 일치 | ✓ | 27턴 54초 · 불일치 0/0 |
| 판 끝 인벤토리 세 화면 같음(줍기·쓰기 포함) | ✓ | [[2,6,7],[4,5,8],[6],[6,7]] · 줍기 0회 |
| 순위 결과 — 4명 전부 등수·격파·피해 | ✓ | 1홍 · 궁수 · 방장 쓰러뜨림 0 · 준 피해 763,076 | 1홍 · 검사 (봇) 쓰러뜨림 0 · 준 피해 703,070 | 3청 · 궁수 (봇) 막판 쓰러뜨림 0 · 준 피해 01,000 | 4청 · 궁수 · 손님 막판 쓰러뜨림 0 · 준 피해 7676 |
| 관전자는 점수를 내지 않는다 | ✓ |  |
| 4석 결과 → 같은 대기실(준비 초기화) | ✓ |  |
| 방장 이탈 → 다음 낮은 좌석이 방장(2초 안) | ✓ | 306ms · 방장 0 → 1 |
| 승계 뒤 봇들과 끝까지 | ✓ | 33턴 |
| 콘솔 0 (4석 세 화면) | ✓ | [] |
| 빠른 대전 4석 — 같은 방 · 카운트다운 문구 | ✓ | 30초 뒤 자동으로 시작합니다. 자리가 다 차면 바로 시작합니다 |
| 빠른 대전 — cfg 없이 무작위 바이옴이 시드로 같게 풀린다 | ✓ | dune |
| 빠른 대전 4석 30초 자동 시작 · 빈 두 자리 봇 | ✓ | 첫 입장부터 30.2초 · {"n":4,"bots":2,"seed":1891774196} |
| 콘솔 0 (4석 빠른 대전) | ✓ | [] |
| 빠른 대전 8석 — 같은 방에 모인다 · 자동 시작 카운트다운 | ✓ | 남은 30초 |
| 30초 뒤 자동 시작 (빈 좌석은 봇) | ✓ | 29.6초 · 좌석 8 · 봇 6 |
| 8석 한 판 끝까지 · 상한 계측 좌석당 ≤40/s · ≤4,096자 | ✓ | 최대 12/s · 160자 · 메시지 84/13 (36턴 83초) |
| 8석 한 판 해시 불일치 0 | ✓ | 불일치 0 |
| 콘솔 0 (8석) | ✓ | [] |
| 모바일 land 8석 대기실 — 칸 8개 | ✓ |  |
| 모바일 land 로비·대기실 탭 도달 · 누름 ≥44px | ✓ | 최소 변 50px · 스크롤 뒤 화면 안 true |
| 모바일 land 콘솔 0 | ✓ | [] |
| 모바일 port 8석 대기실 — 칸 8개 | ✓ |  |
| 모바일 port 로비·대기실 탭 도달 · 누름 ≥44px | ✓ | 최소 변 142px · 스크롤 뒤 화면 안 true |
| 모바일 port 콘솔 0 | ✓ | [] |

온라인 게이트 67/67 · 상한 계측 2석 최대 9/s · 145자 · 8석 최대 12/s · 160자 (36턴)
